// Jest Snapshot v1, https://goo.gl/fbAQLP

exports[`parseSummary should parse summary from mock data 1`] = `
Array [
  Object {
    "covered": 27,
    "name": "statements",
    "percentage": 81.81818181818183,
    "title": "Statements",
    "total": 33,
  },
  Object {
    "covered": 8,
    "name": "branches",
    "percentage": 100,
    "title": "Branches",
    "total": 8,
  },
  Object {
    "covered": 7,
    "name": "functions",
    "percentage": 63.63636363636363,
    "title": "Functions",
    "total": 11,
  },
  Object {
    "covered": 25,
    "name": "lines",
    "percentage": 80.64516129032258,
    "title": "Lines",
    "total": 31,
  },
]
`;
